###############################################################################
#
# IAR ELF Linker V8.50.9.278/LNX for ARM                  22/Jan/2021  13:39:42
# Copyright 2007-2020 IAR Systems AB.
#
#    Output file  =  429-acad-light-effects.elf
#    Map file     =  ./429-acad-light-effects.map
#    Command line =
#        --silent CMakeFiles/429-acad-light-effects.dir/app/main.c.obj
#        CMakeFiles/429-acad-light-effects.dir/app/stm32f4xx_it.c.obj
#        CMakeFiles/429-acad-light-effects.dir/board/iar_stm32f429ii_aca.c.obj
#        CMakeFiles/429-acad-light-effects.dir/startup/system_stm32f4xx.c.obj
#        CMakeFiles/429-acad-light-effects.dir/STM32F4xx_StdPeriph_Driver/src/misc.c.obj
#        CMakeFiles/429-acad-light-effects.dir/STM32F4xx_StdPeriph_Driver/src/stm32f4xx_adc.c.obj
#        CMakeFiles/429-acad-light-effects.dir/STM32F4xx_StdPeriph_Driver/src/stm32f4xx_can.c.obj
#        CMakeFiles/429-acad-light-effects.dir/STM32F4xx_StdPeriph_Driver/src/stm32f4xx_crc.c.obj
#        CMakeFiles/429-acad-light-effects.dir/STM32F4xx_StdPeriph_Driver/src/stm32f4xx_dac.c.obj
#        CMakeFiles/429-acad-light-effects.dir/STM32F4xx_StdPeriph_Driver/src/stm32f4xx_dbgmcu.c.obj
#        CMakeFiles/429-acad-light-effects.dir/STM32F4xx_StdPeriph_Driver/src/stm32f4xx_dcmi.c.obj
#        CMakeFiles/429-acad-light-effects.dir/STM32F4xx_StdPeriph_Driver/src/stm32f4xx_dma.c.obj
#        CMakeFiles/429-acad-light-effects.dir/STM32F4xx_StdPeriph_Driver/src/stm32f4xx_exti.c.obj
#        CMakeFiles/429-acad-light-effects.dir/STM32F4xx_StdPeriph_Driver/src/stm32f4xx_flash.c.obj
#        CMakeFiles/429-acad-light-effects.dir/STM32F4xx_StdPeriph_Driver/src/stm32f4xx_fmc.c.obj
#        CMakeFiles/429-acad-light-effects.dir/STM32F4xx_StdPeriph_Driver/src/stm32f4xx_gpio.c.obj
#        CMakeFiles/429-acad-light-effects.dir/STM32F4xx_StdPeriph_Driver/src/stm32f4xx_i2c.c.obj
#        CMakeFiles/429-acad-light-effects.dir/STM32F4xx_StdPeriph_Driver/src/stm32f4xx_iwdg.c.obj
#        CMakeFiles/429-acad-light-effects.dir/STM32F4xx_StdPeriph_Driver/src/stm32f4xx_pwr.c.obj
#        CMakeFiles/429-acad-light-effects.dir/STM32F4xx_StdPeriph_Driver/src/stm32f4xx_rcc.c.obj
#        CMakeFiles/429-acad-light-effects.dir/STM32F4xx_StdPeriph_Driver/src/stm32f4xx_rng.c.obj
#        CMakeFiles/429-acad-light-effects.dir/STM32F4xx_StdPeriph_Driver/src/stm32f4xx_rtc.c.obj
#        CMakeFiles/429-acad-light-effects.dir/STM32F4xx_StdPeriph_Driver/src/stm32f4xx_sdio.c.obj
#        CMakeFiles/429-acad-light-effects.dir/STM32F4xx_StdPeriph_Driver/src/stm32f4xx_spi.c.obj
#        CMakeFiles/429-acad-light-effects.dir/STM32F4xx_StdPeriph_Driver/src/stm32f4xx_syscfg.c.obj
#        CMakeFiles/429-acad-light-effects.dir/STM32F4xx_StdPeriph_Driver/src/stm32f4xx_tim.c.obj
#        CMakeFiles/429-acad-light-effects.dir/STM32F4xx_StdPeriph_Driver/src/stm32f4xx_usart.c.obj
#        CMakeFiles/429-acad-light-effects.dir/STM32F4xx_StdPeriph_Driver/src/stm32f4xx_wwdg.c.obj
#        CMakeFiles/429-acad-light-effects.dir/startup/startup_stm32f429x.s.obj
#        --semihosting --entry __iar_program_start --vfe --text_out locale
#        --map . --config
#        /opt/iarsystems/bxarm-8.50.9/arm/bin/../config/linker/ST/stm32f429xI.icf
#        -o 429-acad-light-effects.elf
#
###############################################################################

*******************************************************************************
*** RUNTIME MODEL ATTRIBUTES
***

CppFlavor       = *
__SystemLibrary = DLib
__dlib_version  = 6


*******************************************************************************
*** HEAP SELECTION
***

The basic heap was selected because no calls to memory allocation
functions were found in the application outside of system library
functions, and there are calls to deallocation functions in the
application.


*******************************************************************************
*** PLACEMENT SUMMARY
***

"A0":  place at address 0x800'0000 { ro section .intvec };
"P1":  place in [from 0x800'0000 to 0x81f'ffff] { ro };
define block CSTACK with size = 8K, alignment = 8 { };
define block HEAP with size = 8K, alignment = 8 { };
"P4":  place in [from 0x2000'0000 to 0x2001'bfff] |
                [from 0x2001'c000 to 0x2001'ffff] |
                [from 0x2002'0000 to 0x2002'ffff] {
          rw, block CSTACK, block HEAP };
initialize by copy { rw };

No sections matched the following patterns:

  ro section application_specific_ro  in "P2|P6"
  rw section application_specific_rw  in "P2|P6"
  section .backup_sram                in "P5"
  section .ccram                      in "P3"


  Section            Kind         Address    Size  Object
  -------            ----         -------    ----  ------
"A0":                                       0x1ac
  .intvec            ro code   0x800'0000   0x1ac  startup_stm32f429x.s.obj [4]
                             - 0x800'01ac   0x1ac

"P1":                                       0x830
  .text              ro code   0x800'01ac   0x180  main.c.obj [2]
  .text              ro code   0x800'032c    0x18  main.c.obj [2]
  .text              ro code   0x800'0344    0x18  main.c.obj [2]
  .text              ro code   0x800'035c   0x16c  iar_stm32f429ii_aca.c.obj [3]
  .text              ro code   0x800'04c8    0x20  stm32f4xx_rcc.c.obj [1]
  .text              ro code   0x800'04e8    0xc4  stm32f4xx_gpio.c.obj [1]
  .text              ro code   0x800'05ac   0x124  system_stm32f4xx.c.obj [4]
  .text              ro code   0x800'06d0    0x2e  copy_init3.o [7]
  .rodata            const     0x800'06fe     0x2  iar_stm32f429ii_aca.c.obj [3]
  .text              ro code   0x800'0700    0x28  data_init.o [7]
  .text              ro code   0x800'0728    0x22  fpinit_M.o [6]
  .iar.init_table    const     0x800'074c    0x14  - Linker created -
  .rodata            const     0x800'0760    0x20  iar_stm32f429ii_aca.c.obj [3]
  .text              ro code   0x800'0780    0x1e  cmain.o [7]
  .text              ro code   0x800'079e     0x4  low_level_init.o [5]
  .text              ro code   0x800'07a2     0x4  exit.o [5]
  .text              ro code   0x800'07a8     0xa  cexit.o [7]
  .text              ro code   0x800'07b4    0x14  exit.o [8]
  .text              ro code   0x800'07c8    0x1c  cstartup_M.o [7]
  .text              ro code   0x800'07e4    0x18  stm32f4xx_it.c.obj [2]
  .rodata            const     0x800'07fc    0x10  iar_stm32f429ii_aca.c.obj [3]
  .text              ro code   0x800'080c    0x10  startup_stm32f429x.s.obj [4]
  .rodata            const     0x800'081c     0xc  iar_stm32f429ii_aca.c.obj [3]
  .rodata            const     0x800'0828     0x8  iar_stm32f429ii_aca.c.obj [3]
  .rodata            const     0x800'0830     0x4  iar_stm32f429ii_aca.c.obj [3]
  .text              ro code   0x800'0834     0x4  startup_stm32f429x.s.obj [4]
  .text              ro code   0x800'0838     0x4  startup_stm32f429x.s.obj [4]
  .text              ro code   0x800'083c     0x4  startup_stm32f429x.s.obj [4]
  .text              ro code   0x800'0840     0x4  startup_stm32f429x.s.obj [4]
  .text              ro code   0x800'0844     0x4  startup_stm32f429x.s.obj [4]
  .text              ro code   0x800'0848     0x4  startup_stm32f429x.s.obj [4]
  .text              ro code   0x800'084c     0x4  startup_stm32f429x.s.obj [4]
  .text              ro code   0x800'0850     0x4  startup_stm32f429x.s.obj [4]
  .text              ro code   0x800'0854     0x4  startup_stm32f429x.s.obj [4]
  .text              ro code   0x800'0858     0x4  startup_stm32f429x.s.obj [4]
  .text              ro code   0x800'085c     0x4  startup_stm32f429x.s.obj [4]
  .text              ro code   0x800'0860     0x4  startup_stm32f429x.s.obj [4]
  .text              ro code   0x800'0864     0x4  startup_stm32f429x.s.obj [4]
  .text              ro code   0x800'0868     0x4  startup_stm32f429x.s.obj [4]
  .text              ro code   0x800'086c     0x4  startup_stm32f429x.s.obj [4]
  .text              ro code   0x800'0870     0x4  startup_stm32f429x.s.obj [4]
  .text              ro code   0x800'0874     0x4  startup_stm32f429x.s.obj [4]
  .text              ro code   0x800'0878     0x4  startup_stm32f429x.s.obj [4]
  .text              ro code   0x800'087c     0x4  startup_stm32f429x.s.obj [4]
  .text              ro code   0x800'0880     0x4  startup_stm32f429x.s.obj [4]
  .text              ro code   0x800'0884     0x4  startup_stm32f429x.s.obj [4]
  .text              ro code   0x800'0888     0x4  startup_stm32f429x.s.obj [4]
  .text              ro code   0x800'088c     0x4  startup_stm32f429x.s.obj [4]
  .text              ro code   0x800'0890     0x4  startup_stm32f429x.s.obj [4]
  .text              ro code   0x800'0894     0x4  startup_stm32f429x.s.obj [4]
  .text              ro code   0x800'0898     0x4  startup_stm32f429x.s.obj [4]
  .text              ro code   0x800'089c     0x4  startup_stm32f429x.s.obj [4]
  .text              ro code   0x800'08a0     0x4  startup_stm32f429x.s.obj [4]
  .text              ro code   0x800'08a4     0x4  startup_stm32f429x.s.obj [4]
  .text              ro code   0x800'08a8     0x4  startup_stm32f429x.s.obj [4]
  .text              ro code   0x800'08ac     0x4  startup_stm32f429x.s.obj [4]
  .text              ro code   0x800'08b0     0x4  startup_stm32f429x.s.obj [4]
  .text              ro code   0x800'08b4     0x4  startup_stm32f429x.s.obj [4]
  .text              ro code   0x800'08b8     0x4  startup_stm32f429x.s.obj [4]
  .text              ro code   0x800'08bc     0x4  startup_stm32f429x.s.obj [4]
  .text              ro code   0x800'08c0     0x4  startup_stm32f429x.s.obj [4]
  .text              ro code   0x800'08c4     0x4  startup_stm32f429x.s.obj [4]
  .text              ro code   0x800'08c8     0x4  startup_stm32f429x.s.obj [4]
  .text              ro code   0x800'08cc     0x4  startup_stm32f429x.s.obj [4]
  .text              ro code   0x800'08d0     0x4  startup_stm32f429x.s.obj [4]
  .text              ro code   0x800'08d4     0x4  startup_stm32f429x.s.obj [4]
  .text              ro code   0x800'08d8     0x4  startup_stm32f429x.s.obj [4]
  .text              ro code   0x800'08dc     0x4  startup_stm32f429x.s.obj [4]
  .text              ro code   0x800'08e0     0x4  startup_stm32f429x.s.obj [4]
  .text              ro code   0x800'08e4     0x4  startup_stm32f429x.s.obj [4]
  .text              ro code   0x800'08e8     0x4  startup_stm32f429x.s.obj [4]
  .text              ro code   0x800'08ec     0x4  startup_stm32f429x.s.obj [4]
  .text              ro code   0x800'08f0     0x4  startup_stm32f429x.s.obj [4]
  .text              ro code   0x800'08f4     0x4  startup_stm32f429x.s.obj [4]
  .text              ro code   0x800'08f8     0x4  startup_stm32f429x.s.obj [4]
  .text              ro code   0x800'08fc     0x4  startup_stm32f429x.s.obj [4]
  .text              ro code   0x800'0900     0x4  startup_stm32f429x.s.obj [4]
  .text              ro code   0x800'0904     0x4  startup_stm32f429x.s.obj [4]
  .text              ro code   0x800'0908     0x4  startup_stm32f429x.s.obj [4]
  .text              ro code   0x800'090c     0x4  startup_stm32f429x.s.obj [4]
  .text              ro code   0x800'0910     0x4  startup_stm32f429x.s.obj [4]
  .text              ro code   0x800'0914     0x4  startup_stm32f429x.s.obj [4]
  .text              ro code   0x800'0918     0x4  startup_stm32f429x.s.obj [4]
  .text              ro code   0x800'091c     0x4  startup_stm32f429x.s.obj [4]
  .text              ro code   0x800'0920     0x4  startup_stm32f429x.s.obj [4]
  .text              ro code   0x800'0924     0x4  startup_stm32f429x.s.obj [4]
  .text              ro code   0x800'0928     0x4  startup_stm32f429x.s.obj [4]
  .text              ro code   0x800'092c     0x4  startup_stm32f429x.s.obj [4]
  .text              ro code   0x800'0930     0x4  startup_stm32f429x.s.obj [4]
  .text              ro code   0x800'0934     0x4  startup_stm32f429x.s.obj [4]
  .text              ro code   0x800'0938     0x4  startup_stm32f429x.s.obj [4]
  .text              ro code   0x800'093c     0x4  startup_stm32f429x.s.obj [4]
  .text              ro code   0x800'0940     0x4  startup_stm32f429x.s.obj [4]
  .text              ro code   0x800'0944     0x4  startup_stm32f429x.s.obj [4]
  .text              ro code   0x800'0948     0x4  startup_stm32f429x.s.obj [4]
  .text              ro code   0x800'094c     0x4  startup_stm32f429x.s.obj [4]
  .text              ro code   0x800'0950     0x4  startup_stm32f429x.s.obj [4]
  .text              ro code   0x800'0954     0x4  startup_stm32f429x.s.obj [4]
  .text              ro code   0x800'0958     0x4  startup_stm32f429x.s.obj [4]
  .text              ro code   0x800'095c     0x4  startup_stm32f429x.s.obj [4]
  .text              ro code   0x800'0960     0x4  startup_stm32f429x.s.obj [4]
  .text              ro code   0x800'0964     0x4  startup_stm32f429x.s.obj [4]
  .text              ro code   0x800'0968     0x4  startup_stm32f429x.s.obj [4]
  .text              ro code   0x800'096c     0x4  startup_stm32f429x.s.obj [4]
  .text              ro code   0x800'0970     0x4  startup_stm32f429x.s.obj [4]
  .text              ro code   0x800'0974     0x4  startup_stm32f429x.s.obj [4]
  .text              ro code   0x800'0978     0x4  startup_stm32f429x.s.obj [4]
  .text              ro code   0x800'097c     0x4  startup_stm32f429x.s.obj [4]
  .text              ro code   0x800'0980     0x4  startup_stm32f429x.s.obj [4]
  .text              ro code   0x800'0984     0x4  startup_stm32f429x.s.obj [4]
  .text              ro code   0x800'0988     0x4  startup_stm32f429x.s.obj [4]
  .text              ro code   0x800'098c     0x4  startup_stm32f429x.s.obj [4]
  .text              ro code   0x800'0990     0x4  startup_stm32f429x.s.obj [4]
  .text              ro code   0x800'0994     0x4  startup_stm32f429x.s.obj [4]
  .text              ro code   0x800'0998     0x4  startup_stm32f429x.s.obj [4]
  .text              ro code   0x800'099c     0x4  startup_stm32f429x.s.obj [4]
  .rodata            const     0x800'09a0     0x0  copy_init3.o [7]
  Initializer bytes  const     0x800'09a0    0x3c  <for P4 s0>
                             - 0x800'09dc   0x830

"P4", part 1 of 2:                           0x3c
  P4 s0                       0x2000'0000    0x3c  <Init block>
    .data            inited   0x2000'0000    0x20  iar_stm32f429ii_aca.c.obj [3]
    .data            inited   0x2000'0020     0xc  iar_stm32f429ii_aca.c.obj [3]
    .data            inited   0x2000'002c     0x4  iar_stm32f429ii_aca.c.obj [3]
    .data            inited   0x2000'0030     0x4  system_stm32f4xx.c.obj [4]
    .bss             inited   0x2000'0034     0x4  main.c.obj [2]
    .bss             inited   0x2000'0038     0x4  main.c.obj [2]
                            - 0x2000'003c    0x3c

"P4", part 2 of 2:                         0x2000
  CSTACK                      0x2000'0040  0x2000  <Block>
    CSTACK           uninit   0x2000'0040  0x2000  <Block tail>
                            - 0x2000'2040  0x2000

Unused ranges:

         From           To       Size
         ----           --       ----
   0x800'09dc   0x81f'ffff  0x1f'f624
  0x2000'003c  0x2000'003f        0x4
  0x2000'2040  0x2001'bfff   0x1'9fc0
  0x2001'c000  0x2001'ffff     0x4000
  0x2002'0000  0x2002'ffff   0x1'0000


*******************************************************************************
*** INIT TABLE
***

          Address      Size
          -------      ----
Copy (__iar_copy_init3)
    1 source range, total size 0x3c:
           0x800'09a0  0x3c
    1 destination range, total size 0x3c:
          0x2000'0000  0x3c



*******************************************************************************
*** MODULE SUMMARY
***

    Module                     ro code  ro data  rw data
    ------                     -------  -------  -------
command line/config:
    ----------------------------------------------------
    Total:

/workspaces/webinar-demo-bxarm/429-acad-light-effects/build/CMakeFiles/429-acad-light-effects.dir/STM32F4xx_StdPeriph_Driver/src: [1]
    stm32f4xx_gpio.c.obj           196
    stm32f4xx_rcc.c.obj             32
    ----------------------------------------------------
    Total:                         228

/workspaces/webinar-demo-bxarm/429-acad-light-effects/build/CMakeFiles/429-acad-light-effects.dir/app: [2]
    main.c.obj                     432        8        8
    stm32f4xx_it.c.obj              24
    ----------------------------------------------------
    Total:                         456        8        8

/workspaces/webinar-demo-bxarm/429-acad-light-effects/build/CMakeFiles/429-acad-light-effects.dir/board: [3]
    iar_stm32f429ii_aca.c.obj      364      122       48
    ----------------------------------------------------
    Total:                         364      122       48

/workspaces/webinar-demo-bxarm/429-acad-light-effects/build/CMakeFiles/429-acad-light-effects.dir/startup: [4]
    startup_stm32f429x.s.obj       808
    system_stm32f4xx.c.obj         292        4        4
    ----------------------------------------------------
    Total:                       1'100        4        4

dl7M_tln.a: [5]
    exit.o                           4
    low_level_init.o                 4
    ----------------------------------------------------
    Total:                           8

m7M_tls.a: [6]
    fpinit_M.o                      34
    ----------------------------------------------------
    Total:                          34

rt7M_tl.a: [7]
    cexit.o                         10
    cmain.o                         30
    copy_init3.o                    46
    cstartup_M.o                    28
    data_init.o                     40
    ----------------------------------------------------
    Total:                         154

shb_l.a: [8]
    exit.o                          20
    ----------------------------------------------------
    Total:                          20

    Gaps                             4        2
    Linker created                           20    8'192
--------------------------------------------------------
    Grand Total:                 2'368      156    8'252


*******************************************************************************
*** ENTRY LIST
***

Entry                       Address  Size  Type      Object
-----                       -------  ----  ----      ------
.iar.init_table$$Base    0x800'074c         --   Gb  - Linker created -
.iar.init_table$$Limit   0x800'0760         --   Gb  - Linker created -
?main                    0x800'0781        Code  Gb  cmain.o [7]
BusFault_Handler         0x800'07eb   0x2  Code  Gb  stm32f4xx_it.c.obj [2]
CSTACK$$Base            0x2000'0040         --   Gb  - Linker created -
CSTACK$$Limit           0x2000'2040         --   Gb  - Linker created -
CriticalSecCntr         0x2000'0038   0x4  Data  Gb  main.c.obj [2]
DebugMon_Handler         0x800'07f1   0x2  Code  Gb  stm32f4xx_it.c.obj [2]
DelayResolution100us     0x800'01ff   0xc  Code  Gb  main.c.obj [2]
EntrCritSection          0x800'032d  0x18  Code  Gb  main.c.obj [2]
ExtCritSection           0x800'0345  0x18  Code  Gb  main.c.obj [2]
GPIO_CLK                 0x800'0760  0x20  Data  Gb  iar_stm32f429ii_aca.c.obj [3]
GPIO_Init                0x800'04e9  0xa8  Code  Gb  stm32f4xx_gpio.c.obj [1]
GPIO_PIN                 0x800'07fc  0x10  Data  Gb  iar_stm32f429ii_aca.c.obj [3]
GPIO_PORT               0x2000'0000  0x20  Data  Gb  iar_stm32f429ii_aca.c.obj [3]
GPIO_ReadInputDataBit    0x800'0591  0x14  Code  Gb  stm32f4xx_gpio.c.obj [1]
GPIO_ResetBits           0x800'05a9   0x4  Code  Gb  stm32f4xx_gpio.c.obj [1]
GPIO_SetBits             0x800'05a5   0x4  Code  Gb  stm32f4xx_gpio.c.obj [1]
HardFault_Handler        0x800'07e7   0x2  Code  Gb  stm32f4xx_it.c.obj [2]
MemManage_Handler        0x800'07e9   0x2  Code  Gb  stm32f4xx_it.c.obj [2]
NMI_Handler              0x800'07e5   0x2  Code  Gb  stm32f4xx_it.c.obj [2]
PendSV_Handler           0x800'07f3   0x2  Code  Gb  stm32f4xx_it.c.obj [2]
RCC_AHB1PeriphClockCmd   0x800'04c9  0x1c  Code  Gb  stm32f4xx_rcc.c.obj [1]
Region$$Table$$Base      0x800'074c         --   Gb  - Linker created -
Region$$Table$$Limit     0x800'0760         --   Gb  - Linker created -
STM_LEDInit              0x800'035d  0x48  Code  Gb  iar_stm32f429ii_aca.c.obj [3]
STM_LEDOff               0x800'03bf  0x1a  Code  Gb  iar_stm32f429ii_aca.c.obj [3]
STM_LEDOn                0x800'03a5  0x1a  Code  Gb  iar_stm32f429ii_aca.c.obj [3]
STM_Switch1GetState      0x800'043d  0x1a  Code  Gb  iar_stm32f429ii_aca.c.obj [3]
STM_Switch1Init          0x800'03d9  0x2a  Code  Gb  iar_stm32f429ii_aca.c.obj [3]
STM_Switch2GetState      0x800'0457  0x4c  Code  Gb  iar_stm32f429ii_aca.c.obj [3]
STM_Switch2Init          0x800'0403  0x3a  Code  Gb  iar_stm32f429ii_aca.c.obj [3]
SVC_Handler              0x800'07ef   0x2  Code  Gb  stm32f4xx_it.c.obj [2]
SW1_CLK                  0x800'0830   0x4  Data  Gb  iar_stm32f429ii_aca.c.obj [3]
SW1_PIN                  0x800'06fe   0x2  Data  Gb  iar_stm32f429ii_aca.c.obj [3]
SW1_PORT                0x2000'002c   0x4  Data  Gb  iar_stm32f429ii_aca.c.obj [3]
SW2_CLK                  0x800'081c   0xc  Data  Gb  iar_stm32f429ii_aca.c.obj [3]
SW2_PIN                  0x800'0828   0x8  Data  Gb  iar_stm32f429ii_aca.c.obj [3]
SW2_PORT                0x2000'0020   0xc  Data  Gb  iar_stm32f429ii_aca.c.obj [3]
SetSysClock              0x800'05f3  0xaa  Code  Lc  system_stm32f4xx.c.obj [4]
SysTick_Config           0x800'01d1  0x2e  Code  Lc  main.c.obj [2]
SysTick_Handler          0x800'07f5   0x8  Code  Gb  stm32f4xx_it.c.obj [2]
SystemCoreClock         0x2000'0030   0x4  Data  Gb  system_stm32f4xx.c.obj [4]
SystemInit               0x800'05ad  0x46  Code  Gb  system_stm32f4xx.c.obj [4]
TimingDelay             0x2000'0034   0x4  Data  Lc  main.c.obj [2]
TimingDelay_Decrement    0x800'020b  0x10  Code  Gb  main.c.obj [2]
UsageFault_Handler       0x800'07ed   0x2  Code  Gb  stm32f4xx_it.c.obj [2]
__NVIC_SetPriority       0x800'01ad  0x24  Code  Lc  main.c.obj [2]
__cmain                  0x800'0781        Code  Gb  cmain.o [7]
__exit                   0x800'07b5  0x14  Code  Gb  exit.o [8]
__iar_copy_init3         0x800'06d1  0x2e  Code  Gb  copy_init3.o [7]
__iar_data_init3         0x800'0701  0x28  Code  Gb  data_init.o [7]
__iar_init_vfp           0x800'0729        Code  Gb  fpinit_M.o [6]
__iar_program_start      0x800'07c9        Code  Gb  cstartup_M.o [7]
__low_level_init         0x800'079f   0x4  Code  Gb  low_level_init.o [5]
__vector_table           0x800'0000        Data  Gb  startup_stm32f429x.s.obj [4]
_call_main               0x800'078d        Code  Gb  cmain.o [7]
_exit                    0x800'07a9        Code  Gb  cexit.o [7]
_main                    0x800'0797        Code  Gb  cmain.o [7]
exit                     0x800'07a3   0x4  Code  Gb  exit.o [5]
main                     0x800'021b  0xf6  Code  Gb  main.c.obj [2]


[1] = /workspaces/webinar-demo-bxarm/429-acad-light-effects/build/CMakeFiles/429-acad-light-effects.dir/STM32F4xx_StdPeriph_Driver/src
[2] = /workspaces/webinar-demo-bxarm/429-acad-light-effects/build/CMakeFiles/429-acad-light-effects.dir/app
[3] = /workspaces/webinar-demo-bxarm/429-acad-light-effects/build/CMakeFiles/429-acad-light-effects.dir/board
[4] = /workspaces/webinar-demo-bxarm/429-acad-light-effects/build/CMakeFiles/429-acad-light-effects.dir/startup
[5] = dl7M_tln.a
[6] = m7M_tls.a
[7] = rt7M_tl.a
[8] = shb_l.a

  2'368 bytes of readonly  code memory
    156 bytes of readonly  data memory
  8'252 bytes of readwrite data memory

Errors: none
Warnings: none
